⚠️  خطأ في التحميل: Unable to import required dependencies:
numpy: Error importing numpy: you should not try to import numpy from
        its source directory; please exit the numpy source tree, and relaunch
        your python interpreter from there.
تأكد إن watch_engine.py و pandas موجودين.
⚠️  خطأ في التحميل: No module named 'pandas'
تأكد إن watch_engine.py و pandas موجودين.
⚠️  خطأ في التحميل: Unable to import required dependencies:
numpy: Error importing numpy: you should not try to import numpy from
        its source directory; please exit the numpy source tree, and relaunch
        your python interpreter from there.
تأكد إن watch_engine.py و pandas موجودين.
⚠️  خطأ في التحميل: Unable to import required dependencies:
numpy: Error importing numpy: you should not try to import numpy from
        its source directory; please exit the numpy source tree, and relaunch
        your python interpreter from there.
تأكد إن watch_engine.py و pandas موجودين.
جاري تحميل المحرك والبيانات ...
✓ جاهز — 48,868 صفقة، 3,881 موديل قابل للتسعير

🌐 الواجهة تشتغل على:  http://localhost:8000
   (بيفتح المتصفّح تلقائياً — أو افتح الرابط بنفسك)
   لإيقاف الخادم: اضغط Ctrl+C


✓ تم إيقاف الخادم.
⚠️  خطأ في التحميل: Unable to import required dependencies:
numpy: Error importing numpy: you should not try to import numpy from
        its source directory; please exit the numpy source tree, and relaunch
        your python interpreter from there.
تأكد إن watch_engine.py و pandas موجودين.
⚠️  خطأ في التحميل: Unable to import required dependencies:
numpy: Error importing numpy: you should not try to import numpy from
        its source directory; please exit the numpy source tree, and relaunch
        your python interpreter from there.
تأكد إن watch_engine.py و pandas موجودين.
./ChronoTracker: line 3: /Users/hussainoo/ChronoTracker/venv/bin/python: No such file or directory
./ChronoTracker: line 3: exec: /Users/hussainoo/ChronoTracker/venv/bin/python: cannot execute: No such file or directory
⚠️  خطأ في التحميل: Unable to import required dependencies:
numpy: Error importing numpy: you should not try to import numpy from
        its source directory; please exit the numpy source tree, and relaunch
        your python interpreter from there.
تأكد إن watch_engine.py و pandas موجودين.
⚠️  خطأ في التحميل: Unable to import required dependencies:
numpy: Error importing numpy: you should not try to import numpy from
        its source directory; please exit the numpy source tree, and relaunch
        your python interpreter from there.
تأكد إن watch_engine.py و pandas موجودين.
⚠️  خطأ في التحميل: Unable to import required dependencies:
numpy: Error importing numpy: you should not try to import numpy from
        its source directory; please exit the numpy source tree, and relaunch
        your python interpreter from there.
تأكد إن watch_engine.py و pandas موجودين.
⚠️  خطأ في التحميل: Unable to import required dependencies:
numpy: Error importing numpy: you should not try to import numpy from
        its source directory; please exit the numpy source tree, and relaunch
        your python interpreter from there.
تأكد إن watch_engine.py و pandas موجودين.
